// Jest Snapshot v1, https://goo.gl/fbAQLP

exports[`Component BaseInstallmentsTable <base-installment-table /> render correctly 1`] = `<div></div>`;
