// Jest Snapshot v1, https://goo.gl/fbAQLP

exports[`Checkbox renders properly 1`] = `<label class="checkbox"><input type="checkbox" true-value="true" class="base-checkbox" value="false"> <span class="check"></span> <span class="control-label"></span></label>`;
