// Jest Snapshot v1, https://goo.gl/fbAQLP

exports[`TextArea renders properly 1`] = `<textarea rows="10" cols="50"></textarea>`;
